This is pdfTeX, Version 3.141592653-2.6-1.40.25 (TeX Live 2023/Debian) (preloaded format=pdflatex 2026.2.1)  17 MAR 2026 23:17
entering extended mode
 restricted \write18 enabled.
 %&-line parsing enabled.
**report.tex
(./report.tex
LaTeX2e <2023-11-01> patch level 1
L3 programming layer <2024-01-22>
(/usr/share/texlive/texmf-dist/tex/latex/base/article.cls
Document Class: article 2023/05/17 v1.4n Standard LaTeX document class
(/usr/share/texlive/texmf-dist/tex/latex/base/size11.clo
File: size11.clo 2023/05/17 v1.4n Standard LaTeX file (size option)
)
\c@part=\count187
\c@section=\count188
\c@subsection=\count189
\c@subsubsection=\count190
\c@paragraph=\count191
\c@subparagraph=\count192
\c@figure=\count193
\c@table=\count194
\abovecaptionskip=\skip48
\belowcaptionskip=\skip49
\bibindent=\dimen140
)
(/usr/share/texlive/texmf-dist/tex/latex/geometry/geometry.sty
Package: geometry 2020/01/02 v5.9 Page Geometry

(/usr/share/texlive/texmf-dist/tex/latex/graphics/keyval.sty
Package: keyval 2022/05/29 v1.15 key=value parser (DPC)
\KV@toks@=\toks17
)
(/usr/share/texlive/texmf-dist/tex/generic/iftex/ifvtex.sty
Package: ifvtex 2019/10/25 v1.7 ifvtex legacy package. Use iftex instead.

(/usr/share/texlive/texmf-dist/tex/generic/iftex/iftex.sty
Package: iftex 2022/02/03 v1.0f TeX engine tests
))
\Gm@cnth=\count195
\Gm@cntv=\count196
\c@Gm@tempcnt=\count197
\Gm@bindingoffset=\dimen141
\Gm@wd@mp=\dimen142
\Gm@odd@mp=\dimen143
\Gm@even@mp=\dimen144
\Gm@layoutwidth=\dimen145
\Gm@layoutheight=\dimen146
\Gm@layouthoffset=\dimen147
\Gm@layoutvoffset=\dimen148
\Gm@dimlist=\toks18
)
(/usr/share/texlive/texmf-dist/tex/latex/graphics/graphicx.sty
Package: graphicx 2021/09/16 v1.2d Enhanced LaTeX Graphics (DPC,SPQR)

(/usr/share/texlive/texmf-dist/tex/latex/graphics/graphics.sty
Package: graphics 2022/03/10 v1.4e Standard LaTeX Graphics (DPC,SPQR)

(/usr/share/texlive/texmf-dist/tex/latex/graphics/trig.sty
Package: trig 2021/08/11 v1.11 sin cos tan (DPC)
)
(/usr/share/texlive/texmf-dist/tex/latex/graphics-cfg/graphics.cfg
File: graphics.cfg 2016/06/04 v1.11 sample graphics configuration
)
Package graphics Info: Driver file: pdftex.def on input line 107.

(/usr/share/texlive/texmf-dist/tex/latex/graphics-def/pdftex.def
File: pdftex.def 2022/09/22 v1.2b Graphics/color driver for pdftex
))
\Gin@req@height=\dimen149
\Gin@req@width=\dimen150
)
(/usr/share/texlive/texmf-dist/tex/latex/booktabs/booktabs.sty
Package: booktabs 2020/01/12 v1.61803398 Publication quality tables
\heavyrulewidth=\dimen151
\lightrulewidth=\dimen152
\cmidrulewidth=\dimen153
\belowrulesep=\dimen154
\belowbottomsep=\dimen155
\aboverulesep=\dimen156
\abovetopsep=\dimen157
\cmidrulesep=\dimen158
\cmidrulekern=\dimen159
\defaultaddspace=\dimen160
\@cmidla=\count198
\@cmidlb=\count199
\@aboverulesep=\dimen161
\@belowrulesep=\dimen162
\@thisruleclass=\count266
\@lastruleclass=\count267
\@thisrulewidth=\dimen163
)
(/usr/share/texlive/texmf-dist/tex/latex/multirow/multirow.sty
Package: multirow 2021/03/15 v2.8 Span multiple rows of a table
\multirow@colwidth=\skip50
\multirow@cntb=\count268
\multirow@dima=\skip51
\bigstrutjot=\dimen164
)
(/usr/share/texlive/texmf-dist/tex/latex/amsmath/amsmath.sty
Package: amsmath 2023/05/13 v2.17o AMS math features
\@mathmargin=\skip52

For additional information on amsmath, use the `?' option.
(/usr/share/texlive/texmf-dist/tex/latex/amsmath/amstext.sty
Package: amstext 2021/08/26 v2.01 AMS text

(/usr/share/texlive/texmf-dist/tex/latex/amsmath/amsgen.sty
File: amsgen.sty 1999/11/30 v2.0 generic functions
\@emptytoks=\toks19
\ex@=\dimen165
))
(/usr/share/texlive/texmf-dist/tex/latex/amsmath/amsbsy.sty
Package: amsbsy 1999/11/29 v1.2d Bold Symbols
\pmbraise@=\dimen166
)
(/usr/share/texlive/texmf-dist/tex/latex/amsmath/amsopn.sty
Package: amsopn 2022/04/08 v2.04 operator names
)
\inf@bad=\count269
LaTeX Info: Redefining \frac on input line 234.
\uproot@=\count270
\leftroot@=\count271
LaTeX Info: Redefining \overline on input line 399.
LaTeX Info: Redefining \colon on input line 410.
\classnum@=\count272
\DOTSCASE@=\count273
LaTeX Info: Redefining \ldots on input line 496.
LaTeX Info: Redefining \dots on input line 499.
LaTeX Info: Redefining \cdots on input line 620.
\Mathstrutbox@=\box51
\strutbox@=\box52
LaTeX Info: Redefining \big on input line 722.
LaTeX Info: Redefining \Big on input line 723.
LaTeX Info: Redefining \bigg on input line 724.
LaTeX Info: Redefining \Bigg on input line 725.
\big@size=\dimen167
LaTeX Font Info:    Redeclaring font encoding OML on input line 743.
LaTeX Font Info:    Redeclaring font encoding OMS on input line 744.
\macc@depth=\count274
LaTeX Info: Redefining \bmod on input line 905.
LaTeX Info: Redefining \pmod on input line 910.
LaTeX Info: Redefining \smash on input line 940.
LaTeX Info: Redefining \relbar on input line 970.
LaTeX Info: Redefining \Relbar on input line 971.
\c@MaxMatrixCols=\count275
\dotsspace@=\muskip16
\c@parentequation=\count276
\dspbrk@lvl=\count277
\tag@help=\toks20
\row@=\count278
\column@=\count279
\maxfields@=\count280
\andhelp@=\toks21
\eqnshift@=\dimen168
\alignsep@=\dimen169
\tagshift@=\dimen170
\tagwidth@=\dimen171
\totwidth@=\dimen172
\lineht@=\dimen173
\@envbody=\toks22
\multlinegap=\skip53
\multlinetaggap=\skip54
\mathdisplay@stack=\toks23
LaTeX Info: Redefining \[ on input line 2953.
LaTeX Info: Redefining \] on input line 2954.
)
(/usr/share/texlive/texmf-dist/tex/latex/amsfonts/amssymb.sty
Package: amssymb 2013/01/14 v3.01 AMS font symbols

(/usr/share/texlive/texmf-dist/tex/latex/amsfonts/amsfonts.sty
Package: amsfonts 2013/01/14 v3.01 Basic AMSFonts support
\symAMSa=\mathgroup4
\symAMSb=\mathgroup5
LaTeX Font Info:    Redeclaring math symbol \hbar on input line 98.
LaTeX Font Info:    Overwriting math alphabet `\mathfrak' in version `bold'
(Font)                  U/euf/m/n --> U/euf/b/n on input line 106.
))
(/usr/share/texlive/texmf-dist/tex/latex/enumitem/enumitem.sty
Package: enumitem 2019/06/20 v3.9 Customized lists
\labelindent=\skip55
\enit@outerparindent=\dimen174
\enit@toks=\toks24
\enit@inbox=\box53
\enit@count@id=\count281
\enitdp@description=\count282
)
(/usr/share/texlive/texmf-dist/tex/latex/hyperref/hyperref.sty
Package: hyperref 2024-01-20 v7.01h Hypertext links for LaTeX

(/usr/share/texlive/texmf-dist/tex/latex/kvsetkeys/kvsetkeys.sty
Package: kvsetkeys 2022-10-05 v1.19 Key value parser (HO)
)
(/usr/share/texlive/texmf-dist/tex/generic/kvdefinekeys/kvdefinekeys.sty
Package: kvdefinekeys 2019-12-19 v1.6 Define keys (HO)
)
(/usr/share/texlive/texmf-dist/tex/generic/pdfescape/pdfescape.sty
Package: pdfescape 2019/12/09 v1.15 Implements pdfTeX's escape features (HO)

(/usr/share/texlive/texmf-dist/tex/generic/ltxcmds/ltxcmds.sty
Package: ltxcmds 2023-12-04 v1.26 LaTeX kernel commands for general use (HO)
)
(/usr/share/texlive/texmf-dist/tex/generic/pdftexcmds/pdftexcmds.sty
Package: pdftexcmds 2020-06-27 v0.33 Utility functions of pdfTeX for LuaTeX (HO
)

(/usr/share/texlive/texmf-dist/tex/generic/infwarerr/infwarerr.sty
Package: infwarerr 2019/12/03 v1.5 Providing info/warning/error messages (HO)
)
Package pdftexcmds Info: \pdf@primitive is available.
Package pdftexcmds Info: \pdf@ifprimitive is available.
Package pdftexcmds Info: \pdfdraftmode found.
))
(/usr/share/texlive/texmf-dist/tex/latex/hycolor/hycolor.sty
Package: hycolor 2020-01-27 v1.10 Color options for hyperref/bookmark (HO)
)
(/usr/share/texlive/texmf-dist/tex/latex/auxhook/auxhook.sty
Package: auxhook 2019-12-17 v1.6 Hooks for auxiliary files (HO)
)
(/usr/share/texlive/texmf-dist/tex/latex/hyperref/nameref.sty
Package: nameref 2023-11-26 v2.56 Cross-referencing by name of section

(/usr/share/texlive/texmf-dist/tex/latex/refcount/refcount.sty
Package: refcount 2019/12/15 v3.6 Data extraction from label references (HO)
)
(/usr/share/texlive/texmf-dist/tex/generic/gettitlestring/gettitlestring.sty
Package: gettitlestring 2019/12/15 v1.6 Cleanup title references (HO)

(/usr/share/texlive/texmf-dist/tex/latex/kvoptions/kvoptions.sty
Package: kvoptions 2022-06-15 v3.15 Key value format for package options (HO)
))
\c@section@level=\count283
)
(/usr/share/texlive/texmf-dist/tex/latex/etoolbox/etoolbox.sty
Package: etoolbox 2020/10/05 v2.5k e-TeX tools for LaTeX (JAW)
\etb@tempcnta=\count284
)
\@linkdim=\dimen175
\Hy@linkcounter=\count285
\Hy@pagecounter=\count286

(/usr/share/texlive/texmf-dist/tex/latex/hyperref/pd1enc.def
File: pd1enc.def 2024-01-20 v7.01h Hyperref: PDFDocEncoding definition (HO)
Now handling font encoding PD1 ...
... no UTF-8 mapping file for font encoding PD1
)
(/usr/share/texlive/texmf-dist/tex/generic/intcalc/intcalc.sty
Package: intcalc 2019/12/15 v1.3 Expandable calculations with integers (HO)
)
\Hy@SavedSpaceFactor=\count287

(/usr/share/texlive/texmf-dist/tex/latex/hyperref/puenc.def
File: puenc.def 2024-01-20 v7.01h Hyperref: PDF Unicode definition (HO)
Now handling font encoding PU ...
... no UTF-8 mapping file for font encoding PU
)
Package hyperref Info: Hyper figures OFF on input line 4179.
Package hyperref Info: Link nesting OFF on input line 4184.
Package hyperref Info: Hyper index ON on input line 4187.
Package hyperref Info: Plain pages OFF on input line 4194.
Package hyperref Info: Backreferencing OFF on input line 4199.
Package hyperref Info: Implicit mode ON; LaTeX internals redefined.
Package hyperref Info: Bookmarks ON on input line 4446.
\c@Hy@tempcnt=\count288

(/usr/share/texlive/texmf-dist/tex/latex/url/url.sty
\Urlmuskip=\muskip17
Package: url 2013/09/16  ver 3.4  Verb mode for urls, etc.
)
LaTeX Info: Redefining \url on input line 4784.
\XeTeXLinkMargin=\dimen176

(/usr/share/texlive/texmf-dist/tex/generic/bitset/bitset.sty
Package: bitset 2019/12/09 v1.3 Handle bit-vector datatype (HO)

(/usr/share/texlive/texmf-dist/tex/generic/bigintcalc/bigintcalc.sty
Package: bigintcalc 2019/12/15 v1.5 Expandable calculations on big integers (HO
)
))
\Fld@menulength=\count289
\Field@Width=\dimen177
\Fld@charsize=\dimen178
Package hyperref Info: Hyper figures OFF on input line 6063.
Package hyperref Info: Link nesting OFF on input line 6068.
Package hyperref Info: Hyper index ON on input line 6071.
Package hyperref Info: backreferencing OFF on input line 6078.
Package hyperref Info: Link coloring OFF on input line 6083.
Package hyperref Info: Link coloring with OCG OFF on input line 6088.
Package hyperref Info: PDF/A mode OFF on input line 6093.

(/usr/share/texlive/texmf-dist/tex/latex/base/atbegshi-ltx.sty
Package: atbegshi-ltx 2021/01/10 v1.0c Emulation of the original atbegshi
package with kernel methods
)
\Hy@abspage=\count290
\c@Item=\count291
\c@Hfootnote=\count292
)
Package hyperref Info: Driver (autodetected): hpdftex.

(/usr/share/texlive/texmf-dist/tex/latex/hyperref/hpdftex.def
File: hpdftex.def 2024-01-20 v7.01h Hyperref driver for pdfTeX

(/usr/share/texlive/texmf-dist/tex/latex/base/atveryend-ltx.sty
Package: atveryend-ltx 2020/08/19 v1.0a Emulation of the original atveryend pac
kage
with kernel methods
)
\Fld@listcount=\count293
\c@bookmark@seq@number=\count294

(/usr/share/texlive/texmf-dist/tex/latex/rerunfilecheck/rerunfilecheck.sty
Package: rerunfilecheck 2022-07-10 v1.10 Rerun checks for auxiliary files (HO)

(/usr/share/texlive/texmf-dist/tex/generic/uniquecounter/uniquecounter.sty
Package: uniquecounter 2019/12/15 v1.4 Provide unlimited unique counter (HO)
)
Package uniquecounter Info: New unique counter `rerunfilecheck' on input line 2
85.
)
\Hy@SectionHShift=\skip56
)
(/usr/share/texlive/texmf-dist/tex/latex/xcolor/xcolor.sty
Package: xcolor 2023/11/15 v3.01 LaTeX color extensions (UK)

(/usr/share/texlive/texmf-dist/tex/latex/graphics-cfg/color.cfg
File: color.cfg 2016/01/02 v1.6 sample color configuration
)
Package xcolor Info: Driver file: pdftex.def on input line 274.

(/usr/share/texlive/texmf-dist/tex/latex/graphics/mathcolor.ltx)
Package xcolor Info: Model `cmy' substituted by `cmy0' on input line 1350.
Package xcolor Info: Model `hsb' substituted by `rgb' on input line 1354.
Package xcolor Info: Model `RGB' extended on input line 1366.
Package xcolor Info: Model `HTML' substituted by `rgb' on input line 1368.
Package xcolor Info: Model `Hsb' substituted by `hsb' on input line 1369.
Package xcolor Info: Model `tHsb' substituted by `hsb' on input line 1370.
Package xcolor Info: Model `HSB' substituted by `hsb' on input line 1371.
Package xcolor Info: Model `Gray' substituted by `gray' on input line 1372.
Package xcolor Info: Model `wave' substituted by `hsb' on input line 1373.
)
(/usr/share/texlive/texmf-dist/tex/latex/float/float.sty
Package: float 2001/11/08 v1.3d Float enhancements (AL)
\c@float@type=\count295
\float@exts=\toks25
\float@box=\box54
\@float@everytoks=\toks26
\@floatcapt=\box55
)
Package hyperref Info: Option `colorlinks' set `true' on input line 18.

(/usr/share/texlive/texmf-dist/tex/latex/l3backend/l3backend-pdftex.def
File: l3backend-pdftex.def 2024-01-04 L3 backend support: PDF output (pdfTeX)
\l__color_backend_stack_int=\count296
\l__pdf_internal_box=\box56
)
No file report.aux.
\openout1 = `report.aux'.

LaTeX Font Info:    Checking defaults for OML/cmm/m/it on input line 25.
LaTeX Font Info:    ... okay on input line 25.
LaTeX Font Info:    Checking defaults for OMS/cmsy/m/n on input line 25.
LaTeX Font Info:    ... okay on input line 25.
LaTeX Font Info:    Checking defaults for OT1/cmr/m/n on input line 25.
LaTeX Font Info:    ... okay on input line 25.
LaTeX Font Info:    Checking defaults for T1/cmr/m/n on input line 25.
LaTeX Font Info:    ... okay on input line 25.
LaTeX Font Info:    Checking defaults for TS1/cmr/m/n on input line 25.
LaTeX Font Info:    ... okay on input line 25.
LaTeX Font Info:    Checking defaults for OMX/cmex/m/n on input line 25.
LaTeX Font Info:    ... okay on input line 25.
LaTeX Font Info:    Checking defaults for U/cmr/m/n on input line 25.
LaTeX Font Info:    ... okay on input line 25.
LaTeX Font Info:    Checking defaults for PD1/pdf/m/n on input line 25.
LaTeX Font Info:    ... okay on input line 25.
LaTeX Font Info:    Checking defaults for PU/pdf/m/n on input line 25.
LaTeX Font Info:    ... okay on input line 25.
*geometry* driver: auto-detecting
*geometry* detected driver: pdftex
*geometry* verbose mode - [ preamble ] result:
* driver: pdftex
* paper: a4paper
* layout: <same size as paper>
* layoutoffset:(h,v)=(0.0pt,0.0pt)
* modes: 
* h-part:(L,W,R)=(72.26999pt, 452.9679pt, 72.26999pt)
* v-part:(T,H,B)=(72.26999pt, 700.50687pt, 72.26999pt)
* \paperwidth=597.50787pt
* \paperheight=845.04684pt
* \textwidth=452.9679pt
* \textheight=700.50687pt
* \oddsidemargin=0.0pt
* \evensidemargin=0.0pt
* \topmargin=-37.0pt
* \headheight=12.0pt
* \headsep=25.0pt
* \topskip=11.0pt
* \footskip=30.0pt
* \marginparwidth=50.0pt
* \marginparsep=10.0pt
* \columnsep=10.0pt
* \skip\footins=10.0pt plus 4.0pt minus 2.0pt
* \hoffset=0.0pt
* \voffset=0.0pt
* \mag=1000
* \@twocolumnfalse
* \@twosidefalse
* \@mparswitchfalse
* \@reversemarginfalse
* (1in=72.27pt=25.4mm, 1cm=28.453pt)

(/usr/share/texlive/texmf-dist/tex/context/base/mkii/supp-pdf.mkii
[Loading MPS to PDF converter (version 2006.09.02).]
\scratchcounter=\count297
\scratchdimen=\dimen179
\scratchbox=\box57
\nofMPsegments=\count298
\nofMParguments=\count299
\everyMPshowfont=\toks27
\MPscratchCnt=\count300
\MPscratchDim=\dimen180
\MPnumerator=\count301
\makeMPintoPDFobject=\count302
\everyMPtoPDFconversion=\toks28
) (/usr/share/texlive/texmf-dist/tex/latex/epstopdf-pkg/epstopdf-base.sty
Package: epstopdf-base 2020-01-24 v2.11 Base part for package epstopdf
Package epstopdf-base Info: Redefining graphics rule for `.eps' on input line 4
85.

(/usr/share/texlive/texmf-dist/tex/latex/latexconfig/epstopdf-sys.cfg
File: epstopdf-sys.cfg 2010/07/13 v1.3 Configuration of (r)epstopdf for TeX Liv
e
))
Package hyperref Info: Link coloring ON on input line 25.
\@outlinefile=\write3
\openout3 = `report.out'.

LaTeX Font Info:    Trying to load font information for U+msa on input line 27.


(/usr/share/texlive/texmf-dist/tex/latex/amsfonts/umsa.fd
File: umsa.fd 2013/01/14 v3.01 AMS symbols A
)
LaTeX Font Info:    Trying to load font information for U+msb on input line 27.


(/usr/share/texlive/texmf-dist/tex/latex/amsfonts/umsb.fd
File: umsb.fd 2013/01/14 v3.01 AMS symbols B
)
No file report.toc.
\tf@toc=\write4
\openout4 = `report.toc'.

[1

{/var/lib/texmf/fonts/map/pdftex/updmap/pdftex.map}]
Overfull \hbox (59.8791pt too wide) in paragraph at lines 60--61
[]\OT1/cmr/bx/n/10.95 Layer-wise prob-ing scripts: \OT1/cmr/m/n/10.95 strat-i-f
ied $80\OML/cmm/m/it/10.95 =\OT1/cmr/m/n/10.95 20$ split us-ing \OT1/cmtt/m/n/1
0.95 train[]test[]split \OT1/cmr/m/n/10.95 with \OT1/cmtt/m/n/10.95 stratify=ta
rgets\OT1/cmr/m/n/10.95 . 
 []

[2{/usr/share/texmf/fonts/enc/dvips/cm-super/cm-super-ts1.enc}]
Overfull \hbox (32.54347pt too wide) in paragraph at lines 64--65
\OT1/cmr/m/n/10.95 Most mod-els use re-size to $224 \OMS/cmsy/m/n/10.95 ^^B \OT
1/cmr/m/n/10.95 224$, ten-sor con-ver-sion, and nor-mal-iza-tion with mean $[0\
OML/cmm/m/it/10.95 :\OT1/cmr/m/n/10.95 485\OML/cmm/m/it/10.95 ; \OT1/cmr/m/n/10
.95 0\OML/cmm/m/it/10.95 :\OT1/cmr/m/n/10.95 456\OML/cmm/m/it/10.95 ; \OT1/cmr/
m/n/10.95 0\OML/cmm/m/it/10.95 :\OT1/cmr/m/n/10.95 406]$
 []

[3]
<../linear_probe_transfer/resnet50_linear_probe_transfer/training_validation_ac
c.png, id=37, 722.7pt x 433.62pt>
File: ../linear_probe_transfer/resnet50_linear_probe_transfer/training_validati
on_acc.png Graphic file (type png)
<use ../linear_probe_transfer/resnet50_linear_probe_transfer/training_validatio
n_acc.png>
Package pdftex.def Info: ../linear_probe_transfer/resnet50_linear_probe_transfe
r/training_validation_acc.png  used on input line 113.
(pdftex.def)             Requested size: 339.72592pt x 203.8345pt.
<../linear_probe_transfer/resnet50_linear_probe_transfer/confusion_matrix.png, 
id=39, 821.469pt x 715.473pt>
File: ../linear_probe_transfer/resnet50_linear_probe_transfer/confusion_matrix.
png Graphic file (type png)
<use ../linear_probe_transfer/resnet50_linear_probe_transfer/confusion_matrix.p
ng>
Package pdftex.def Info: ../linear_probe_transfer/resnet50_linear_probe_transfe
r/confusion_matrix.png  used on input line 119.
(pdftex.def)             Requested size: 339.72592pt x 295.90047pt.
 [4
pdfTeX warning (ext4): destination with the same identifier (name{table.1}) has
 been already used, duplicate ignored
<argument> ...shipout:D \box_use:N \l_shipout_box 
                                                  \__shipout_drop_firstpage_...
l.122 
      
pdfTeX warning (ext4): destination with the same identifier (name{figure.1}) ha
s been already used, duplicate ignored
<argument> ...shipout:D \box_use:N \l_shipout_box 
                                                  \__shipout_drop_firstpage_...
l.122 
       <../linear_probe_transfer/resnet50_linear_probe_transfer/training_valida
tion_acc.png>]
<../linear_probe_transfer/resnet50_linear_probe_transfer/embeddings_pca.png, id
=49, 859.41075pt x 715.473pt>
File: ../linear_probe_transfer/resnet50_linear_probe_transfer/embeddings_pca.pn
g Graphic file (type png)
<use ../linear_probe_transfer/resnet50_linear_probe_transfer/embeddings_pca.png
>
Package pdftex.def Info: ../linear_probe_transfer/resnet50_linear_probe_transfe
r/embeddings_pca.png  used on input line 125.
(pdftex.def)             Requested size: 339.72592pt x 282.82162pt.
<../linear_probe_transfer/resnet50_linear_probe_transfer/embeddings_tsne.png, i
d=50, 859.41075pt x 715.473pt>
File: ../linear_probe_transfer/resnet50_linear_probe_transfer/embeddings_tsne.p
ng Graphic file (type png)
<use ../linear_probe_transfer/resnet50_linear_probe_transfer/embeddings_tsne.pn
g>
Package pdftex.def Info: ../linear_probe_transfer/resnet50_linear_probe_transfe
r/embeddings_tsne.png  used on input line 131.
(pdftex.def)             Requested size: 339.72592pt x 282.82162pt.
 [5
pdfTeX warning (ext4): destination with the same identifier (name{figure.2}) ha
s been already used, duplicate ignored
<argument> ...shipout:D \box_use:N \l_shipout_box 
                                                  \__shipout_drop_firstpage_...
l.134 
      
pdfTeX warning (ext4): destination with the same identifier (name{figure.3}) ha
s been already used, duplicate ignored
<argument> ...shipout:D \box_use:N \l_shipout_box 
                                                  \__shipout_drop_firstpage_...
l.134 
       <../linear_probe_transfer/resnet50_linear_probe_transfer/confusion_matri
x.png> <../linear_probe_transfer/resnet50_linear_probe_transfer/embeddings_pca.
png>]
<../linear_probe_transfer/efficientnet_b0_linear_probe_transfer/training_valida
tion_acc.png, id=59, 722.7pt x 433.62pt>
File: ../linear_probe_transfer/efficientnet_b0_linear_probe_transfer/training_v
alidation_acc.png Graphic file (type png)
<use ../linear_probe_transfer/efficientnet_b0_linear_probe_transfer/training_va
lidation_acc.png>
Package pdftex.def Info: ../linear_probe_transfer/efficientnet_b0_linear_probe_
transfer/training_validation_acc.png  used on input line 138.
(pdftex.def)             Requested size: 339.72592pt x 203.8345pt.
<../linear_probe_transfer/efficientnet_b0_linear_probe_transfer/confusion_matri
x.png, id=60, 821.469pt x 715.473pt>
File: ../linear_probe_transfer/efficientnet_b0_linear_probe_transfer/confusion_
matrix.png Graphic file (type png)
<use ../linear_probe_transfer/efficientnet_b0_linear_probe_transfer/confusion_m
atrix.png>
Package pdftex.def Info: ../linear_probe_transfer/efficientnet_b0_linear_probe_
transfer/confusion_matrix.png  used on input line 144.
(pdftex.def)             Requested size: 339.72592pt x 295.90047pt.
 [6
pdfTeX warning (ext4): destination with the same identifier (name{figure.4}) ha
s been already used, duplicate ignored
<argument> ...shipout:D \box_use:N \l_shipout_box 
                                                  \__shipout_drop_firstpage_...
l.147 
      
pdfTeX warning (ext4): destination with the same identifier (name{figure.5}) ha
s been already used, duplicate ignored
<argument> ...shipout:D \box_use:N \l_shipout_box 
                                                  \__shipout_drop_firstpage_...
l.147 
       <../linear_probe_transfer/resnet50_linear_probe_transfer/embeddings_tsne
.png> <../linear_probe_transfer/efficientnet_b0_linear_probe_transfer/training_
validation_acc.png>]
<../linear_probe_transfer/efficientnet_b0_linear_probe_transfer/embeddings_pca.
png, id=70, 860.013pt x 715.473pt>
File: ../linear_probe_transfer/efficientnet_b0_linear_probe_transfer/embeddings
_pca.png Graphic file (type png)
<use ../linear_probe_transfer/efficientnet_b0_linear_probe_transfer/embeddings_
pca.png>
Package pdftex.def Info: ../linear_probe_transfer/efficientnet_b0_linear_probe_
transfer/embeddings_pca.png  used on input line 150.
(pdftex.def)             Requested size: 339.72592pt x 282.62512pt.
<../linear_probe_transfer/efficientnet_b0_linear_probe_transfer/embeddings_tsne
.png, id=71, 859.41075pt x 715.473pt>
File: ../linear_probe_transfer/efficientnet_b0_linear_probe_transfer/embeddings
_tsne.png Graphic file (type png)
<use ../linear_probe_transfer/efficientnet_b0_linear_probe_transfer/embeddings_
tsne.png>
Package pdftex.def Info: ../linear_probe_transfer/efficientnet_b0_linear_probe_
transfer/embeddings_tsne.png  used on input line 156.
(pdftex.def)             Requested size: 339.72592pt x 282.82162pt.
 [7
pdfTeX warning (ext4): destination with the same identifier (name{figure.6}) ha
s been already used, duplicate ignored
<argument> ...shipout:D \box_use:N \l_shipout_box 
                                                  \__shipout_drop_firstpage_...
l.159 
      
pdfTeX warning (ext4): destination with the same identifier (name{figure.7}) ha
s been already used, duplicate ignored
<argument> ...shipout:D \box_use:N \l_shipout_box 
                                                  \__shipout_drop_firstpage_...
l.159 
       <../linear_probe_transfer/efficientnet_b0_linear_probe_transfer/confusio
n_matrix.png> <../linear_probe_transfer/efficientnet_b0_linear_probe_transfer/e
mbeddings_pca.png>]
<../linear_probe_transfer/convnext_tiny_linear_probe_transfer/training_validati
on_acc.png, id=81, 722.7pt x 433.62pt>
File: ../linear_probe_transfer/convnext_tiny_linear_probe_transfer/training_val
idation_acc.png Graphic file (type png)
<use ../linear_probe_transfer/convnext_tiny_linear_probe_transfer/training_vali
dation_acc.png>
Package pdftex.def Info: ../linear_probe_transfer/convnext_tiny_linear_probe_tr
ansfer/training_validation_acc.png  used on input line 163.
(pdftex.def)             Requested size: 339.72592pt x 203.8345pt.
<../linear_probe_transfer/convnext_tiny_linear_probe_transfer/confusion_matrix.
png, id=82, 821.469pt x 715.473pt>
File: ../linear_probe_transfer/convnext_tiny_linear_probe_transfer/confusion_ma
trix.png Graphic file (type png)
<use ../linear_probe_transfer/convnext_tiny_linear_probe_transfer/confusion_mat
rix.png>
Package pdftex.def Info: ../linear_probe_transfer/convnext_tiny_linear_probe_tr
ansfer/confusion_matrix.png  used on input line 169.
(pdftex.def)             Requested size: 339.72592pt x 295.90047pt.
 [8
pdfTeX warning (ext4): destination with the same identifier (name{figure.8}) ha
s been already used, duplicate ignored
<argument> ...shipout:D \box_use:N \l_shipout_box 
                                                  \__shipout_drop_firstpage_...
l.172 
      
pdfTeX warning (ext4): destination with the same identifier (name{figure.9}) ha
s been already used, duplicate ignored
<argument> ...shipout:D \box_use:N \l_shipout_box 
                                                  \__shipout_drop_firstpage_...
l.172 
       <../linear_probe_transfer/efficientnet_b0_linear_probe_transfer/embeddin
gs_tsne.png> <../linear_probe_transfer/convnext_tiny_linear_probe_transfer/trai
ning_validation_acc.png>]
<../linear_probe_transfer/convnext_tiny_linear_probe_transfer/embeddings_pca.pn
g, id=92, 859.41075pt x 715.473pt>
File: ../linear_probe_transfer/convnext_tiny_linear_probe_transfer/embeddings_p
ca.png Graphic file (type png)
<use ../linear_probe_transfer/convnext_tiny_linear_probe_transfer/embeddings_pc
a.png>
Package pdftex.def Info: ../linear_probe_transfer/convnext_tiny_linear_probe_tr
ansfer/embeddings_pca.png  used on input line 175.
(pdftex.def)             Requested size: 339.72592pt x 282.82162pt.
<../linear_probe_transfer/convnext_tiny_linear_probe_transfer/embeddings_tsne.p
ng, id=93, 859.41075pt x 715.473pt>
File: ../linear_probe_transfer/convnext_tiny_linear_probe_transfer/embeddings_t
sne.png Graphic file (type png)
<use ../linear_probe_transfer/convnext_tiny_linear_probe_transfer/embeddings_ts
ne.png>
Package pdftex.def Info: ../linear_probe_transfer/convnext_tiny_linear_probe_tr
ansfer/embeddings_tsne.png  used on input line 181.
(pdftex.def)             Requested size: 339.72592pt x 282.82162pt.
 [9
pdfTeX warning (ext4): destination with the same identifier (name{figure.10}) h
as been already used, duplicate ignored
<argument> ...shipout:D \box_use:N \l_shipout_box 
                                                  \__shipout_drop_firstpage_...
l.184 
      
pdfTeX warning (ext4): destination with the same identifier (name{figure.11}) h
as been already used, duplicate ignored
<argument> ...shipout:D \box_use:N \l_shipout_box 
                                                  \__shipout_drop_firstpage_...
l.184 
       <../linear_probe_transfer/convnext_tiny_linear_probe_transfer/confusion_
matrix.png> <../linear_probe_transfer/convnext_tiny_linear_probe_transfer/embed
dings_pca.png>]
Overfull \hbox (4.41116pt too wide) in paragraph at lines 197--198
[]\OT1/cmr/bx/n/10.95 Last block fine-tuning: \OT1/cmr/m/n/10.95 Freeze early a
nd mid-dle lay-ers; un-freeze the fi-nal resid-ual/feature
 []

[10
pdfTeX warning (ext4): destination with the same identifier (name{figure.12}) h
as been already used, duplicate ignored
<argument> ...shipout:D \box_use:N \l_shipout_box 
                                                  \__shipout_drop_firstpage_...
l.204 	\item D
              ata split: $70/30$ train/validation (seed 42) <../linear_probe_tr
ansfer/convnext_tiny_linear_probe_transfer/embeddings_tsne.png>] [11
pdfTeX warning (ext4): destination with the same identifier (name{table.2}) has
 been already used, duplicate ignored
<argument> ...shipout:D \box_use:N \l_shipout_box 
                                                  \__shipout_drop_firstpage_...
l.248 \end{itemize}
                   ] [12]
<../fine_tuning/resnet50_analysis.png, id=130, 1437.6912pt x 427.8384pt>
File: ../fine_tuning/resnet50_analysis.png Graphic file (type png)
<use ../fine_tuning/resnet50_analysis.png>
Package pdftex.def Info: ../fine_tuning/resnet50_analysis.png  used on input li
ne 302.
(pdftex.def)             Requested size: 407.66833pt x 121.31502pt.
<../fine_tuning/efficientnet_b0_analysis.png, id=131, 1437.6912pt x 427.8384pt>

File: ../fine_tuning/efficientnet_b0_analysis.png Graphic file (type png)
<use ../fine_tuning/efficientnet_b0_analysis.png>
Package pdftex.def Info: ../fine_tuning/efficientnet_b0_analysis.png  used on i
nput line 309.
(pdftex.def)             Requested size: 407.66833pt x 121.31502pt.
 [13
pdfTeX warning (ext4): destination with the same identifier (name{figure.13}) h
as been already used, duplicate ignored
<argument> ...shipout:D \box_use:N \l_shipout_box 
                                                  \__shipout_drop_firstpage_...
l.312 
       <../fine_tuning/resnet50_analysis.png>]
<../fine_tuning/convnext_tiny_analysis.png, id=149, 1437.6912pt x 427.8384pt>
File: ../fine_tuning/convnext_tiny_analysis.png Graphic file (type png)
<use ../fine_tuning/convnext_tiny_analysis.png>
Package pdftex.def Info: ../fine_tuning/convnext_tiny_analysis.png  used on inp
ut line 316.
(pdftex.def)             Requested size: 407.66833pt x 121.31502pt.
 [14
pdfTeX warning (ext4): destination with the same identifier (name{figure.14}) h
as been already used, duplicate ignored
<argument> ...shipout:D \box_use:N \l_shipout_box 
                                                  \__shipout_drop_firstpage_...
l.343 
      
pdfTeX warning (ext4): destination with the same identifier (name{figure.15}) h
as been already used, duplicate ignored
<argument> ...shipout:D \box_use:N \l_shipout_box 
                                                  \__shipout_drop_firstpage_...
l.343 
       <../fine_tuning/efficientnet_b0_analysis.png> <../fine_tuning/convnext_t
iny_analysis.png>]
Overfull \hbox (84.34436pt too wide) in paragraph at lines 365--366
\OT1/cmr/m/n/10.95 Robustness was eval-u-ated us-ing the note-book in \OT1/cmtt
/m/n/10.95 corruption[]robustness[]evaluation/corruption-eval.ipynb\OT1/cmr/m/n
/10.95 .
 []


Overfull \hbox (52.45435pt too wide) in paragraph at lines 385--394
 [][] 
 []

[15
pdfTeX warning (ext4): destination with the same identifier (name{table.3}) has
 been already used, duplicate ignored
<argument> ...shipout:D \box_use:N \l_shipout_box 
                                                  \__shipout_drop_firstpage_...
l.395 
      
pdfTeX warning (ext4): destination with the same identifier (name{table.4}) has
 been already used, duplicate ignored
<argument> ...shipout:D \box_use:N \l_shipout_box 
                                                  \__shipout_drop_firstpage_...
l.395 
      ] [16
pdfTeX warning (ext4): destination with the same identifier (name{table.5}) has
 been already used, duplicate ignored
<argument> ...shipout:D \box_use:N \l_shipout_box 
                                                  \__shipout_drop_firstpage_...
l.442 
      
pdfTeX warning (ext4): destination with the same identifier (name{table.6}) has
 been already used, duplicate ignored
<argument> ...shipout:D \box_use:N \l_shipout_box 
                                                  \__shipout_drop_firstpage_...
l.442 
      ]
<../layer_wise_feature_probing/resnet50_layer_wise_feature_probing/val_accuracy
_vs_depth.png, id=183, 505.89pt x 289.08pt>
File: ../layer_wise_feature_probing/resnet50_layer_wise_feature_probing/val_acc
uracy_vs_depth.png Graphic file (type png)
<use ../layer_wise_feature_probing/resnet50_layer_wise_feature_probing/val_accu
racy_vs_depth.png>
Package pdftex.def Info: ../layer_wise_feature_probing/resnet50_layer_wise_feat
ure_probing/val_accuracy_vs_depth.png  used on input line 464.
(pdftex.def)             Requested size: 339.72592pt x 194.1325pt.
<../layer_wise_feature_probing/resnet50_layer_wise_feature_probing/feature_norm
_stats.png, id=184, 505.89pt x 289.08pt>
File: ../layer_wise_feature_probing/resnet50_layer_wise_feature_probing/feature
_norm_stats.png Graphic file (type png)
<use ../layer_wise_feature_probing/resnet50_layer_wise_feature_probing/feature_
norm_stats.png>
Package pdftex.def Info: ../layer_wise_feature_probing/resnet50_layer_wise_feat
ure_probing/feature_norm_stats.png  used on input line 470.
(pdftex.def)             Requested size: 339.72592pt x 194.1325pt.
 [17
pdfTeX warning (ext4): destination with the same identifier (name{table.7}) has
 been already used, duplicate ignored
<argument> ...shipout:D \box_use:N \l_shipout_box 
                                                  \__shipout_drop_firstpage_...
l.473 
      
pdfTeX warning (ext4): destination with the same identifier (name{table.8}) has
 been already used, duplicate ignored
<argument> ...shipout:D \box_use:N \l_shipout_box 
                                                  \__shipout_drop_firstpage_...
l.473 
      
pdfTeX warning (ext4): destination with the same identifier (name{figure.16}) h
as been already used, duplicate ignored
<argument> ...shipout:D \box_use:N \l_shipout_box 
                                                  \__shipout_drop_firstpage_...
l.473 
       <../layer_wise_feature_probing/resnet50_layer_wise_feature_probing/val_a
ccuracy_vs_depth.png>]
<../layer_wise_feature_probing/resnet50_layer_wise_feature_probing/pca_2d_acros
s_layers.png, id=195, 1292.976pt x 370.8765pt>
File: ../layer_wise_feature_probing/resnet50_layer_wise_feature_probing/pca_2d_
across_layers.png Graphic file (type png)
<use ../layer_wise_feature_probing/resnet50_layer_wise_feature_probing/pca_2d_a
cross_layers.png>
Package pdftex.def Info: ../layer_wise_feature_probing/resnet50_layer_wise_feat
ure_probing/pca_2d_across_layers.png  used on input line 476.
(pdftex.def)             Requested size: 339.72592pt x 97.44424pt.
<../layer_wise_feature_probing/efficientnet_bo_layer_wise_feature_probing/val_a
ccuracy_vs_depth.png, id=196, 505.89pt x 289.08pt>
File: ../layer_wise_feature_probing/efficientnet_bo_layer_wise_feature_probing/
val_accuracy_vs_depth.png Graphic file (type png)
<use ../layer_wise_feature_probing/efficientnet_bo_layer_wise_feature_probing/v
al_accuracy_vs_depth.png>
Package pdftex.def Info: ../layer_wise_feature_probing/efficientnet_bo_layer_wi
se_feature_probing/val_accuracy_vs_depth.png  used on input line 483.
(pdftex.def)             Requested size: 339.72592pt x 194.1325pt.
<../layer_wise_feature_probing/efficientnet_bo_layer_wise_feature_probing/featu
re_norm_stats.png, id=197, 505.89pt x 289.08pt>
File: ../layer_wise_feature_probing/efficientnet_bo_layer_wise_feature_probing/
feature_norm_stats.png Graphic file (type png)
<use ../layer_wise_feature_probing/efficientnet_bo_layer_wise_feature_probing/f
eature_norm_stats.png>
Package pdftex.def Info: ../layer_wise_feature_probing/efficientnet_bo_layer_wi
se_feature_probing/feature_norm_stats.png  used on input line 489.
(pdftex.def)             Requested size: 339.72592pt x 194.1325pt.
 [18
pdfTeX warning (ext4): destination with the same identifier (name{figure.17}) h
as been already used, duplicate ignored
<argument> ...shipout:D \box_use:N \l_shipout_box 
                                                  \__shipout_drop_firstpage_...
l.492 
      
pdfTeX warning (ext4): destination with the same identifier (name{figure.18}) h
as been already used, duplicate ignored
<argument> ...shipout:D \box_use:N \l_shipout_box 
                                                  \__shipout_drop_firstpage_...
l.492 
      
pdfTeX warning (ext4): destination with the same identifier (name{figure.19}) h
as been already used, duplicate ignored
<argument> ...shipout:D \box_use:N \l_shipout_box 
                                                  \__shipout_drop_firstpage_...
l.492 
       <../layer_wise_feature_probing/resnet50_layer_wise_feature_probing/featu
re_norm_stats.png> <../layer_wise_feature_probing/resnet50_layer_wise_feature_p
robing/pca_2d_across_layers.png> <../layer_wise_feature_probing/efficientnet_bo
_layer_wise_feature_probing/val_accuracy_vs_depth.png>]
<../layer_wise_feature_probing/efficientnet_bo_layer_wise_feature_probing/pca_2
d_across_layers.png, id=209, 1292.6475pt x 370.8765pt>
File: ../layer_wise_feature_probing/efficientnet_bo_layer_wise_feature_probing/
pca_2d_across_layers.png Graphic file (type png)
<use ../layer_wise_feature_probing/efficientnet_bo_layer_wise_feature_probing/p
ca_2d_across_layers.png>
Package pdftex.def Info: ../layer_wise_feature_probing/efficientnet_bo_layer_wi
se_feature_probing/pca_2d_across_layers.png  used on input line 495.
(pdftex.def)             Requested size: 339.72592pt x 97.47253pt.
<../layer_wise_feature_probing/convnext_tiny_layer_wise_feature_probing/val_acc
uracy_vs_depth.png, id=210, 505.89pt x 289.08pt>
File: ../layer_wise_feature_probing/convnext_tiny_layer_wise_feature_probing/va
l_accuracy_vs_depth.png Graphic file (type png)
<use ../layer_wise_feature_probing/convnext_tiny_layer_wise_feature_probing/val
_accuracy_vs_depth.png>
Package pdftex.def Info: ../layer_wise_feature_probing/convnext_tiny_layer_wise
_feature_probing/val_accuracy_vs_depth.png  used on input line 502.
(pdftex.def)             Requested size: 339.72592pt x 194.1325pt.
<../layer_wise_feature_probing/convnext_tiny_layer_wise_feature_probing/feature
_norm_stats.png, id=211, 505.89pt x 289.08pt>
File: ../layer_wise_feature_probing/convnext_tiny_layer_wise_feature_probing/fe
ature_norm_stats.png Graphic file (type png)
<use ../layer_wise_feature_probing/convnext_tiny_layer_wise_feature_probing/fea
ture_norm_stats.png>
Package pdftex.def Info: ../layer_wise_feature_probing/convnext_tiny_layer_wise
_feature_probing/feature_norm_stats.png  used on input line 508.
(pdftex.def)             Requested size: 339.72592pt x 194.1325pt.
 [19
pdfTeX warning (ext4): destination with the same identifier (name{figure.20}) h
as been already used, duplicate ignored
<argument> ...shipout:D \box_use:N \l_shipout_box 
                                                  \__shipout_drop_firstpage_...
l.511 
      
pdfTeX warning (ext4): destination with the same identifier (name{figure.21}) h
as been already used, duplicate ignored
<argument> ...shipout:D \box_use:N \l_shipout_box 
                                                  \__shipout_drop_firstpage_...
l.511 
      
pdfTeX warning (ext4): destination with the same identifier (name{figure.22}) h
as been already used, duplicate ignored
<argument> ...shipout:D \box_use:N \l_shipout_box 
                                                  \__shipout_drop_firstpage_...
l.511 
       <../layer_wise_feature_probing/efficientnet_bo_layer_wise_feature_probin
g/feature_norm_stats.png> <../layer_wise_feature_probing/efficientnet_bo_layer_
wise_feature_probing/pca_2d_across_layers.png> <../layer_wise_feature_probing/c
onvnext_tiny_layer_wise_feature_probing/val_accuracy_vs_depth.png>]
<../layer_wise_feature_probing/convnext_tiny_layer_wise_feature_probing/pca_2d_
across_layers.png, id=224, 1296.918pt x 370.8765pt>
File: ../layer_wise_feature_probing/convnext_tiny_layer_wise_feature_probing/pc
a_2d_across_layers.png Graphic file (type png)
<use ../layer_wise_feature_probing/convnext_tiny_layer_wise_feature_probing/pca
_2d_across_layers.png>
Package pdftex.def Info: ../layer_wise_feature_probing/convnext_tiny_layer_wise
_feature_probing/pca_2d_across_layers.png  used on input line 514.
(pdftex.def)             Requested size: 339.72592pt x 97.14998pt.

Overfull \hbox (78.18694pt too wide) in paragraph at lines 522--531
 [][] 
 []


Overfull \hbox (5.65517pt too wide) in paragraph at lines 533--534
\OT1/cmr/m/n/10.95 Overall rank-ing by task is not iden-ti-cal: EfficientNet-B0
 leads few-shot data ef-fi-ciency, ConvNeXt-
 []


Overfull \hbox (7.33661pt too wide) in paragraph at lines 540--541
[]\OT1/cmr/bx/n/10.95 Linear trans-fer: \OT1/cmr/m/n/10.95 Frozen-pretrained fe
a-tures are highly trans-fer-able on AID, with ResNet50
 []

[20
pdfTeX warning (ext4): destination with the same identifier (name{figure.23}) h
as been already used, duplicate ignored
<argument> ...shipout:D \box_use:N \l_shipout_box 
                                                  \__shipout_drop_firstpage_...
l.541 	\item \textbf
                    {Robustness:} ConvNeXt-Tiny is most robust to corruption...

pdfTeX warning (ext4): destination with the same identifier (name{figure.24}) h
as been already used, duplicate ignored
<argument> ...shipout:D \box_use:N \l_shipout_box 
                                                  \__shipout_drop_firstpage_...
l.541 	\item \textbf
                    {Robustness:} ConvNeXt-Tiny is most robust to corruption...

pdfTeX warning (ext4): destination with the same identifier (name{table.9}) has
 been already used, duplicate ignored
<argument> ...shipout:D \box_use:N \l_shipout_box 
                                                  \__shipout_drop_firstpage_...
l.541 	\item \textbf
                    {Robustness:} ConvNeXt-Tiny is most robust to corruption...
 <../layer_wise_feature_probing/convnext_tiny_layer_wise_feature_probing/featur
e_norm_stats.png> <../layer_wise_feature_probing/convnext_tiny_layer_wise_featu
re_probing/pca_2d_across_layers.png>] [21] (./report.aux)
 ***********
LaTeX2e <2023-11-01> patch level 1
L3 programming layer <2024-01-22>
 ***********


LaTeX Warning: Label(s) may have changed. Rerun to get cross-references right.


Package rerunfilecheck Warning: File `report.out' has changed.
(rerunfilecheck)                Rerun to get outlines right
(rerunfilecheck)                or use package `bookmark'.

Package rerunfilecheck Info: Checksums for `report.out':
(rerunfilecheck)             Before: <no file>
(rerunfilecheck)             After:  02E4BB8B26663F609260109DFC3E924F;4295.
 ) 
Here is how much of TeX's memory you used:
 11327 strings out of 474222
 183232 string characters out of 5748734
 1936975 words of memory out of 5000000
 33336 multiletter control sequences out of 15000+600000
 566944 words of font info for 69 fonts, out of 8000000 for 9000
 1141 hyphenation exceptions out of 8191
 75i,9n,79p,874b,554s stack positions out of 10000i,1000n,20000p,200000b,200000s
</usr/share/texlive/texmf-dist/fonts/type1/public/amsfonts/cm/cmbx10.pfb></us
r/share/texlive/texmf-dist/fonts/type1/public/amsfonts/cm/cmbx12.pfb></usr/shar
e/texlive/texmf-dist/fonts/type1/public/amsfonts/cm/cmmi10.pfb></usr/share/texl
ive/texmf-dist/fonts/type1/public/amsfonts/cm/cmr10.pfb></usr/share/texlive/tex
mf-dist/fonts/type1/public/amsfonts/cm/cmr12.pfb></usr/share/texlive/texmf-dist
/fonts/type1/public/amsfonts/cm/cmr17.pfb></usr/share/texlive/texmf-dist/fonts/
type1/public/amsfonts/cm/cmr8.pfb></usr/share/texlive/texmf-dist/fonts/type1/pu
blic/amsfonts/cm/cmsy10.pfb></usr/share/texlive/texmf-dist/fonts/type1/public/a
msfonts/cm/cmsy8.pfb></usr/share/texlive/texmf-dist/fonts/type1/public/amsfonts
/cm/cmti10.pfb></usr/share/texlive/texmf-dist/fonts/type1/public/amsfonts/cm/cm
tt10.pfb></usr/share/texmf/fonts/type1/public/cm-super/sfrm1095.pfb>
Output written on report.pdf (21 pages, 5319673 bytes).
PDF statistics:
 323 PDF objects out of 1000 (max. 8388607)
 225 compressed objects within 3 object streams
 113 named destinations out of 1000 (max. 500000)
 121 words of extra memory for PDF output out of 10000 (max. 10000000)

